QLD (Version 4.8.0)- Link/Load Summary: 'debug\test_Debug.s19'
SCRIPT FILES FROM THE FOLLOWING PATH(S):
  'C:/Program Files (x86)/GMV/EducDist/config/xcc12'

SCRIPT READ FROM THE FOLLOWING FILE(S):
  'default.lsc'

---------------------------
 SEARCHED LIBRARIES:
 'C:/Program Files (x86)/GMV/EducDist/lib/xcc12/libcd.e12'
 'C:/Program Files (x86)/GMV/EducDist/lib/xcc12/libed.e12'
 'C:/Program Files (x86)/GMV/EducDist/lib/xcc12/librtkd.e12'
 'C:/Program Files (x86)/GMV/EducDist/lib/xcc12/libccd.e12'

---------------------------
 PROGRAM ENTRY:'__start'
---------------------------
 GROUPS AND SEGMENTS:

  GROUP 'const_group',
   SEGMENTS
   'abs'

  GROUP 'test_group', READ/WRITE ,allocation to: 00001000 - 000010D1, (size: 210 Bytes)
   00001000 00001015 'init'
   00001016 000010C3 'text'
   000010C4 000010D1 'bss'

  GROUP 'interrupt_vectors', READ/WRITE
   NO SEGMENTS
---------------------------
LINKER DEFINED CONSTANTS:
   __rom_code_enabled = 0
   __heap_start = 000010D2
  from segment 'text'
   00001016 '__text__start'
   000010C4 '__text__end'
   000000AE '__text__size'
  from segment 'init'
   00001000 '__init__start'
   00001016 '__init__end'
   00000016 '__init__size'
  from segment 'bss'
   000010C4 '__bss__start'
   000010D2 '__bss__end'
   0000000E '__bss__size'
  from segment 'data'
   00000000 '__data__start'
   00000000 '__data__end'
   00000000 '__data__size'
  from segment 'rodata'
   00000000 '__rodata__start'
   00000000 '__rodata__end'
   00000000 '__rodata__size'
---------------------------
GLOBAL SYMBOL(S):

 in module: '_startup' of type 'O12' defined in file '_startup.o12'
  in segment: 'text'
   0000102B '__inchar'
   00001019 '__init'
   00001025 '__outchar'
   00001028 '__tstchar'
   00001016 '__lowexit'
  in segment: 'init'
   00001000 '__start'

 in module: 'main' of type 'O12' defined in file 'main.o12'
  in segment: 'text'
   00001032 '_main'

 in module: '__crt' of type 'O12' defined in file '__crt.o12'
  in segment: 'text'
   00001048 '___crt_get_system_time'
   00001050 '___crt_get_msec_ptr'
   00001055 '___crtInit'
  in segment: 'bss'
   000010C4 '___crt_first_malloc_element'
   000010C6 '___crt_first_malloc_element_m_base'
   000010C8 '___crt_first_malloc_element_m_size'
---
 End of listfile
