QLD (Version 4.8.0)- Link/Load Summary: 'debug\Lab5_Debug.s19'
SCRIPT FILES FROM THE FOLLOWING PATH(S):
  'C:/Program Files (x86)/GMV/EducDist/config/xcc12'

SCRIPT READ FROM THE FOLLOWING FILE(S):
  'default.lsc'

---------------------------
 SEARCHED LIBRARIES:
 'C:/Program Files (x86)/GMV/EducDist/lib/xcc12/libcd.e12'
 'C:/Program Files (x86)/GMV/EducDist/lib/xcc12/libed.e12'
 'C:/Program Files (x86)/GMV/EducDist/lib/xcc12/librtkd.e12'
 'C:/Program Files (x86)/GMV/EducDist/lib/xcc12/libccd.e12'

---------------------------
 PROGRAM ENTRY:'__start'
---------------------------
 GROUPS AND SEGMENTS:

  GROUP 'test_group', READ/WRITE ,allocation to: 00001000 - 0000325F, (size: 8800 Bytes)
   00001000 00001015 'init'
   00001016 000031C5 'text'
   000031C6 00003227 'rodata'
   00003228 0000325F 'bss'

  GROUP 'interrupt_vectors', READ/WRITE
   NO SEGMENTS

  GROUP 'const_group',
   SEGMENTS
   'abs'
---------------------------
LINKER DEFINED CONSTANTS:
   __rom_code_enabled = 0
   __heap_start = 00003260
  from segment 'text'
   00001016 '__text__start'
   000031C6 '__text__end'
   000021B0 '__text__size'
  from segment 'init'
   00001000 '__init__start'
   00001016 '__init__end'
   00000016 '__init__size'
  from segment 'bss'
   00003228 '__bss__start'
   00003260 '__bss__end'
   00000038 '__bss__size'
  from segment 'data'
   00000000 '__data__start'
   00000000 '__data__end'
   00000000 '__data__size'
  from segment 'rodata'
   000031C6 '__rodata__start'
   00003228 '__rodata__end'
   00000062 '__rodata__size'
---------------------------
GLOBAL SYMBOL(S):

 in module: '_startup' of type 'O12' defined in file '_startup.o12'
  in segment: 'text'
   0000102B '__inchar'
   00001019 '__init'
   00001025 '__outchar'
   00001028 '__tstchar'
   00001016 '__lowexit'
  in segment: 'init'
   00001000 '__start'

 in module: 'hello' of type 'O12' defined in file 'hello.o12'
  in segment: 'text'
   00001032 '_main'

 in module: 'printf' of type 'O12' defined in file 'printf.o12'
  in segment: 'text'
   00001059 '_printf'

 in module: '__doprint' of type 'O12' defined in file '__doprint.o12'
  in segment: 'text'
   00001075 '___doprint'

 in module: 'ecvt' of type 'O12' defined in file 'ecvt.o12'
  in segment: 'text'
   00001D78 '_ecvt'
   00001D90 '_fcvt'

 in module: 'putc' of type 'O12' defined in file 'putc.o12'
  in segment: 'text'
   00001DA9 '_putc'

 in module: 'fputc' of type 'O12' defined in file 'fputc.o12'
  in segment: 'text'
   00001DB6 '_fputc'

 in module: '__crt' of type 'O12' defined in file '__crt.o12'
  in segment: 'text'
   00001E55 '___crt_get_system_time'
   00001E5D '___crt_get_msec_ptr'
   00001E62 '___crtInit'
  in segment: 'bss'
   00003252 '___crt_first_malloc_element'
   00003254 '___crt_first_malloc_element_m_base'
   00003256 '___crt_first_malloc_element_m_size'

 in module: '_add32' of type 'O12' defined in file '_add32.o12'
  in segment: 'text'
   00001ED1 'add32'

 in module: '_and32' of type 'O12' defined in file '_and32.o12'
  in segment: 'text'
   00001EE0 'and32'

 in module: '_cmp32' of type 'O12' defined in file '_cmp32.o12'
  in segment: 'text'
   00001EEF 'cmp32'

 in module: '_cmpf' of type 'O12' defined in file '_cmpf.o12'
  in segment: 'text'
   00002072 'cmpf'

 in module: '_div32' of type 'O12' defined in file '_div32.o12'
  in segment: 'text'
   0000216A 'divs32'
   00002096 'divu32'

 in module: '_divf' of type 'O12' defined in file '_divf.o12'
  in segment: 'text'
   00002233 'divf'

 in module: '_eor32' of type 'O12' defined in file '_eor32.o12'
  in segment: 'text'
   000024E9 'eor32'

 in module: '_ftosl' of type 'O12' defined in file '_ftosl.o12'
  in segment: 'text'
   000024F8 'ftosl'

 in module: '_mod32' of type 'O12' defined in file '_mod32.o12'
  in segment: 'text'
   00002695 'mods32'
   0000265C 'modu32'

 in module: '_mul32' of type 'O12' defined in file '_mul32.o12'
  in segment: 'text'
   000027E9 'muls32'
   00002756 'mulu32'

 in module: '_mulf' of type 'O12' defined in file '_mulf.o12'
  in segment: 'text'
   000028B2 'mulf'

 in module: '_or32' of type 'O12' defined in file '_or32.o12'
  in segment: 'text'
   00002BA4 'or32'

 in module: '_shl32' of type 'O12' defined in file '_shl32.o12'
  in segment: 'text'
   00002BB3 'shl32'

 in module: '_shrs32' of type 'O12' defined in file '_shrs32.o12'
  in segment: 'text'
   00002BCC 'shrs32'

 in module: '_shru32' of type 'O12' defined in file '_shru32.o12'
  in segment: 'text'
   00002BE5 'shru32'

 in module: '_sltof' of type 'O12' defined in file '_sltof.o12'
  in segment: 'text'
   00002BFE 'sltof'

 in module: '_ultof' of type 'O12' defined in file '_ultof.o12'
  in segment: 'text'
   00002C3F 'ultof'

 in module: '_sub32' of type 'O12' defined in file '_sub32.o12'
  in segment: 'text'
   00002D20 'sub32'

 in module: '_subf' of type 'O12' defined in file '_subf.o12'
  in segment: 'text'
   00002D2F 'subf'

 in module: '_addf' of type 'O12' defined in file '_addf.o12'
  in segment: 'text'
   00002DA7 'addf'
---
 End of listfile
